// Jest Snapshot v1, https://goo.gl/fbAQLP

exports[`Test in <GifExpertApp.jsx/> should match the snapshop 1`] = `
<div>
  <h1>
    GifExpertApp
  </h1>
  <form
    aria-label="form"
  >
    <input
      placeholder="Buscar gifs"
      type="text"
      value=""
    />
  </form>
  <h3>
     
    One Punch
     
  </h3>
  <h2>
    Cargando...
  </h2>
  <div
    class="card-grid"
  />
  <h3>
     
    Dragon Ball Z
     
  </h3>
  <h2>
    Cargando...
  </h2>
  <div
    class="card-grid"
  />
</div>
`;
